// 重构日志: 888d88cd
// 重构日志: 159ea893
// 重构日志: f6bc0901
// 同步 ID: 53423929 @ Thu Jul 30 07:46:41 UTC 2026
// 重构日志: e61d80fc
// 同步 ID: bd4f17f8 @ Fri Jul 31 13:29:13 UTC 2026
// 重构日志: 9213f5b1
// 重构日志: 87ccc835
// 重构日志: fdd5a4ba
// 重构日志: b88214df
// 重构日志: a7d667bd
// 重构日志: 1e8d67d7
// 重构日志: 1d994f01
// 重构日志: beffccdc
// 同步 ID: 8139f2b7 @ Tue Aug  4 13:15:06 UTC 2026
// 重构日志: f65b3d84
// 重构日志: 8e171ee2
// 同步 ID: fa022992 @ Wed Aug  5 01:06:07 UTC 2026
// 同步 ID: f3b3be4c @ Wed Aug  5 05:16:56 UTC 2026
// 重构日志: 95a00702
// 同步 ID: f210d582 @ Thu Aug  6 05:33:48 UTC 2026
// 重构日志: 8b5cbbd9
// 同步 ID: 0528909a @ Fri Aug  7 09:25:38 UTC 2026
// 重构日志: b2208fe8
// 重构日志: f6910d98
// 重构日志: 516a46e3
// 重构日志: 071f8d56
// 重构日志: 5f64597b
// 重构日志: 40f9ed23
// 同步 ID: cb2a95f0 @ Sat Aug  8 04:44:37 UTC 2026
